Machine-level Assembler Version 6.1    Sun Apr  5 14:20:15 2009

  LOC    OBJ   SOURCE
hex*dec

               ;---------------------------------------------------------------
               ;    Problem 8.30
               ;
               ; Using instructions from the standard instruction set, write th
               ; of instructions needed to bitwise complement the number in the
               ;---------------------------------------------------------------
               
0  *0    8000  main:	ldc	0
1  *1    3006  	sub	x
               
2  *2    FFFD  	dout
3  *3    800A  	ldc	'\n'
4  *4    FFFB  	aout
               
5  *5    FFFF  	halt		; end of the program
               	end main
               
               
6  *6    0003  x:	dw	3
7  *7    ========= end of program.mas ============================


         Symbol/Cross-Reference Table

Symbol                   Address     References
                          (hex)       (hex)

 main                      0           6  
 x                         6           1  

Input file   = program.mas
Output file  = program.mac
List file    = program.lst 
Number base  = decimal
Label status = case sensitive
