Machine-level Assembler Version 6.1    Fri Mar 27 22:57:21 2009

  LOC    OBJ   SOURCE
hex*dec

               ;-----------------------------------------------------
               ; Translate the program 8.47 to assembly language
               ;-----------------------------------------------------
               
               ;--------------------------
               ; void f(int x)
               ;--------------------------
               
0  *0    4001  @f$i:	ldr	1	; cout << x << endl;º
1  *1    FFFD  	dout
2  *2    800A  	ldc	'\n'
3  *3    FFFB  	aout
               
4  *4    F000  	ret		; return to the caller
               
               ;---------------------------
               ; void f(int a[])
               ;---------------------------
               
5  *5    8005  @f$pi:	ldc	5	; a[0] = 5;
6  *6    F300  	push
7  *7    4002  	ldr	2
8  *8    F200  	sti
               
9  *9    F000  	ret		; return to the caller
               	
               ;---------------------------
               ; int main()
               ;---------------------------
               
A  *10   8003  main:	ldc	3	; f(3);
B  *11   F300  	push
C  *12   E000  	call	@f$i
D  *13   F601  	dloc	1	
               
E  *14   8017  	ldc	z	; f(&z);
F  *15   F300  	push
10 *16   E005  	call	@f$pi
11 *17   F601  	dloc	1
               
12 *18   0017  	ld	z	; cout << z << endl;
13 *19   FFFD  	dout
14 *20   800A  	ldc	'\n'
15 *21   FFFB  	aout
               	
16 *22   FFFF  	halt		; end of the program
               	end main
               
               ; GLOBAL VARIABLES
               
17 *23   0064  z:	dw	100
18 *24   ========= end of program.mas ============================


         Symbol/Cross-Reference Table

Symbol                   Address     References
                          (hex)       (hex)

 @f$i                      0           C  
 @f$pi                     5           10 
 main                      A           17 
 z                         17          E   12 

Input file   = program.mas
Output file  = program.mac
List file    = program.lst 
Number base  = decimal
Label status = case sensitive
