Machine-level Assembler Version 6.1    Sat May  9 20:41:27 2009

  LOC    OBJ   SOURCE
hex*dec

               ;---------------------------------------------------------------
               ; Show the contents of t1.mob, t2.mob, and t1.mac. Use the same 
               ; that pic uses.
               ;---------------------------------------------------------------
               
               	; t1.mas
0  *0    0005  a:	dw	5
1  *1    0001  b:	dw	a + 1
2  *2    0005  c:	dw	x + 5
               	extern	x
               	public 	a
3  *3    ========= end of t1.mas =================================


         Symbol/Cross-Reference Table

Symbol                   Address     References
                          (hex)       (hex)

 a                         0           3   1  
 b                         1          
 c                         2          
 x                         ext         3   2  

Input file   = t1.mas
Output file  = t1.mob
List file    = t1.lst 
Number base  = decimal
Label status = case sensitive
