Machine-level Assembler Version 6.1    Fri Jun 15 14:09:43 2007

  LOC    OBJ   SOURCE
hex*dec

                                        ;                       a.mas
                                        ; Computes n + n-1 + ... + 1
                                        ; Displays sum in decimal
0  *0    0018  loop:    ld     sum      ; get current sum
1  *1    2010           add    n        ; add n to it
2  *2    1018           st     sum      ; store new sum back in sum
3  *3    0010           ld     n        ; decrement n
4  *4    300F           sub    @1 
5  *5    C008           jz     done     ; when n is zero, go to done
6  *6    1010           st     n        ; put new value in n
7  *7    9000           ja     loop     ; jump always to loop to repeat
               done:                    ; come here when n is zero
8  *8    8011           ldc    msg      ; get address of msg
9  *9    FFF7           sout            ; display string at msg
A  *10   0018           ld     sum      ; get final sum
B  *11   FFFD           dout            ; display in decimal
C  *12   800A           ldc    '\n'     ; get newline character
D  *13   FFFB           aout            ; display it--that is, go to next line
E  *14   FFFF           halt            ; stop
               
F  *15   0001  @1:      dw     1
10 *16   0014  n:       dw     20
11 *17   0053  msg:     dw     "Sum = "
12 *18   0075
13 *19   006D
14 *20   0020
15 *21   003D
16 *22   0020
17 *23   0000
18 *24   0000  sum:     dw     0
19 *25   ========= end of a.mas ==================================


         Symbol/Cross-Reference Table

Symbol                   Address     References
                          (hex)       (hex)

 loop                      0           7  
 done                      8           5  
 @1                        F           4  
 n                         10          1   3   6  
 msg                       11          8  
 sum                       18          0   2   A  

Input file   = a.mas
Output file  = dist/a.mac
List file    = dist/a.lst 
Number base  = decimal
Label status = case sensitive
