; #7ef4
;Use p620.has for your microcode
;Create config file p620.cfg
;Insert !p621 at beginning of assembly language program
;See sim.txt for more information of 2-word instructions
;Display should look exactly like this:
;2 * 3 = 6
;-4 * 5 = -20
;6 * -7 = -42
;-8 * -9 = 72
n
o
ln
g
SD
enable
sd
q
