Machine-level Assembler Version 6.1    Tue Mar 10 21:32:50 2009

  LOC    OBJ   SOURCE
hex*dec

               ;----------------------------------------------------------
               ; Translate the program 7.39 to assembly language
               ;----------------------------------------------------------
               
               ;---------------
               ; void f(int x, int y, int z)
               ;---------------
               
0  *0    4001  f:	ldr 	1	; q = x + y + y + z + z + z;
1  *1    6002  	addr	2	
2  *2    6002  	addr	2
3  *3    6003  	addr	3
4  *4    6003  	addr	3
5  *5    6003  	addr	3
6  *6    1017  	st	s0_q
               	
7  *7    8018  	ldc	msg_q	; cout << "q = " << q << endl;
8  *8    FFF7  	sout	
9  *9    0017  	ld	s0_q
A  *10   FFFD  	dout
B  *11   800A  	ldc	'\n'
C  *12   FFFB  	aout
               
D  *13   F000  	ret
               
               ;---------------
               ; main()
               ;---------------
               
               main:
E  *14   8003  	ldc 	3	; f(1, 2, 3);
F  *15   F300  	push
10 *16   8002  	ldc	2
11 *17   F300  	push
12 *18   8001  	ldc	1
13 *19   F300  	push
14 *20   E000  	call	f
15 *21   F603  	dloc	3
               
16 *22   FFFF  	halt
               	end main;
               
               
               ; GLOBAL VARIABLES
17 *23   0000  s0_q:	dw	0
               
18 *24   0071  msg_q:	dw	"q = "
19 *25   0020
1A *26   003D
1B *27   0020
1C *28   0000
               
               
               
               
               
               
1D *29   ========= end of program.mas ============================


         Symbol/Cross-Reference Table

Symbol                   Address     References
                          (hex)       (hex)

 f                         0           14 
 main                      E           17 
 s0_q                      17          6   9  
 msg_q                     18          7  

Input file   = program.mas
Output file  = program.mac
List file    = program.lst 
Number base  = decimal
Label status = case sensitive
