Machine-level Assembler Version 6.1    Wed Apr  1 23:29:40 2009

  LOC    OBJ   SOURCE
hex*dec

               ;---------------------------------------------------------------
               ; Translate the program 8.65 to assembly language.
               ;---------------------------------------------------------------
               
               ;---------------------------------
               ; void f(int x, int y)
               ;---------------------------------
               
0  *0    4001  @f$ii:	ldr	1	; cout << x + y << endl;
1  *1    6002  	addr	2
2  *2    FFFD  	dout
3  *3    800A  	ldc	'\n'
4  *4    FFFB  	aout
               
5  *5    F000  	ret
               
               ;---------------------------------
               ; main()
               ;---------------------------------
               
6  *6    8000  main:	ldc	@f$ii	; p = f;
7  *7    1018  	st	p
               
8  *8    8002  	ldc	2	; f(1, 2);
9  *9    F300  	push
A  *10   8001  	ldc	1
B  *11   F300  	push
C  *12   E000  	call	@f$ii
D  *13   F602  	dloc	2	; release the memory
               
E  *14   0019  	ld	@call	; p(3, 4);
F  *15   2018  	add	p
10 *16   1015  	st	* + 5	; store call into dw bello
11 *17   8004  	ldc	4
12 *18   F300  	push
13 *19   8003  	ldc	3
14 *20   F300  	push
15 *21   0000  	dw	0 	; execute manufactured call
16 *22   F602  	dloc	2	; remove parameters.
               
17 *23   FFFF  	halt		; end of the program
               	end main
               
               ; GLOBAL VARIABLES
18 *24   0000  p:	dw	0	; void (*p)(int, int);
19 *25   E000  @call:	call 	0
1A *26   ========= end of program.mas ============================


         Symbol/Cross-Reference Table

Symbol                   Address     References
                          (hex)       (hex)

 @f$ii                     0           6   C  
 main                      6           18 
 p                         18          7   F  
 @call                     19          E  

Input file   = program.mas
Output file  = program.mac
List file    = program.lst 
Number base  = decimal
Label status = case sensitive
